<testsuites name="MigrationTestCase" time="3.073" tests="1" failures="0" errors="0">
  <testsuite name="MigrationTestCase" tests="1" failures="0" errors="0" time="3.073" skipped="0" timestamp="2025-09-29T11:37:27.116Z" hostname="root - kube-arc-runner-set-d5vk5-runner-df7kp-workflow" id="Test Suites/MigrationTestCase">
    <properties>
      <property name="deviceName" value=""/>
      <property name="devicePlatform"/>
      <property name="logFolder" value="/__w/PE-QE-Katalon-Test-Automation-Programme/PE-QE/katalon-project/Reports/20250929_113723/MigrationTestCase/20250929_113724"/>
      <property name="logFiles" value="/_w/PE-QE-Katalon-Test-Automation-Programme/PE-QE/katalon-project/Reports/20250929_113723/MigrationTestCase/20250929_113724/console0.log, /_w/PE-QE/PE-QE/katalon-project/Reports/20250929_113723/MigrationTestCase/20250929_113724/execution0.log"/>
      <property name="attachments" value=""/>
      <property name="hostName" value="root - kube-arc-data-set"/>
      <property name="os" value="Linux 64bit"/>
      <property name="katalonVersion" value="10.3.1.0"/>
      <property name="browser" value="Chrome 139.0.7258.127"/>
      <property name="userFullName" value="Test"/>
      <property name="hostAddress" value="10.211.22.111"/>
      <property name="sessionId" value="3805de2a0489b19605050476a512345"/>
      <property name="projectName" value="Katalon Automation POC"/>
      <property name="seleniumVersion" value="4.28.1"/>
      <property name="proxyInformation" value="ProxyInformation { proxyOption=NO_PROXY, proxyServerType=HTTP, username=, password=****, proxyServerAddress=, proxyServerPort=0, executionList="", isApplyToDesiredCapabilities=true }"/>
      <property name="platform" value="Linux"/>
    </properties>
    <testcase name="Test Cases/PartyManagement/262236_CreateGeneralnsured" time="2.678" classname="Test Cases/PartyManagement/262236_CreateGeneralnsured" status="PASSED">
      <properties>
        <property name="data_binding">
          <![CDATA[ {"(Default) label...":"{actualInsuredName\u003dActual Insured, addressLine1\u003dAddress line 1, cityName\u003dCity, postCode\u003dPost Code, parentInsuredName\u003dParent Insured, searchName\u003dSearch Name, insuredName\u003dName}","(Default) testD...":"PartyManagement","(Default) dropD...":"{publicPrivateDropDown\u003dPublic/Private, countryDropDown\u003dCountry, divisionDropDown\u003dNAIC Division, descriptionDropDown\u003dNAIC Description}","(Default) party...":"Party Management","(Default) insur...":"Insured"} ]]>
        </property>
      </properties>
      <system-out>
        <![CDATA[ 29-09-2025T11:37:27 - [TEST_CASE][PASSED] - Test Cases/PartyManagement/262236_CreateGeneralnsured: null 29-09-2025T11:37:27 - [TEST_STEP][PASSED] - Start listener action : sampleBeforeTestCase: Current window maximized 29-09-2025T11:37:27 - [TEST_STEP][PASSED] - println(testCaseContext.getTestCaseId()): null 29-09-2025T11:37:27 - [TEST_STEP][PASSED] - println(testCaseContext.getTestCaseVariables()): null 29-09-2025T11:37:27 - [TEST_STEP][PASSED] - openBrowserLaunchApplication(): null 29-09-2025T11:37:27 - [TEST_STEP][PASSED] - openBrowser(null): Browser is opened with url: 'null' 29-09-2025T11:37:28 - [MESSAGE][INFO] - Starting 'Chrome (headless)' driver 29-09-2025T11:37:28 - [MESSAGE][INFO] - Action delay is set to 0 milliseconds 29-09-2025T11:37:30 - [MESSAGE][PASSED] - Browser is opened with url: 'null' 29-09-2025T11:37:30 - [TEST_STEP][PASSED] - maximizeWindow(): Current window maximized 29-09-2025T11:37:30 - [MESSAGE][PASSED] - Current window maximized 29-09-2025T11:37:30 - [TEST_STEP][PASSED] - Start listener action : sampleAfterTestCase: null 29-09-2025T11:37:30 - [TEST_STEP][PASSED] - println(testCaseContext.getTestCaseId()): null 29-09-2025T11:37:30 - [TEST_STEP][PASSED] - println(testCaseContext.getTestCaseStatus()): null ]]>
      </system-out>
      <system-err>
        <![CDATA[ ]]>
      </system-err>
    </testcase>
    <system-out>
      <![CDATA[ 29-09-2025T11:37:27 - [TEST_SUITE][PASSED] - MigrationTestCase: null ]]>
    </system-out>
    <system-err>
      <![CDATA[ ]]>
    </system-err>
  </testsuite>
</testsuites>
